
> pixel-punch@0.1.0 build
> node node_modules/next/dist/bin/next build

Γû▓ Next.js 16.2.9 (Turbopack)
- Environments: .env

  Creating an optimized production build ...
Γ£ô Compiled successfully in 48s
  Running TypeScript ...
